[     942ms] [WARNING] Translation key "meta.credit_text.video" is missing in namespace "medium" @ https://static.pexels.com/1/_next/static/chunks/pages/_app-bc4f4a0c740ef640.js:0
[    1018ms] [WARNING] Translation key "meta.credit_text.video" is missing in namespace "medium" @ https://static.pexels.com/1/_next/static/chunks/pages/_app-bc4f4a0c740ef640.js:0
[    1077ms] Error: Minified React error #418; visit https://reactjs.org/docs/error-decoder.html?invariant=418 for the full message or use the non-minified dev environment for full errors and additional helpful warnings.
    at lg (https://static.pexels.com/1/_next/static/chunks/framework-36e2f06eecc88665.js:1:53940)
    at i (https://static.pexels.com/1/_next/static/chunks/framework-36e2f06eecc88665.js:1:128615)
    at oD (https://static.pexels.com/1/_next/static/chunks/framework-36e2f06eecc88665.js:1:106599)
    at oO (https://static.pexels.com/1/_next/static/chunks/framework-36e2f06eecc88665.js:1:106469)
    at ox (https://static.pexels.com/1/_next/static/chunks/framework-36e2f06eecc88665.js:1:101542)
    at x (https://static.pexels.com/1/_next/static/chunks/framework-36e2f06eecc88665.js:1:137676)
    at MessagePort.T (https://static.pexels.com/1/_next/static/chunks/framework-36e2f06eecc88665.js:1:138197)
[    1077ms] Error: Minified React error #418; visit https://reactjs.org/docs/error-decoder.html?invariant=418 for the full message or use the non-minified dev environment for full errors and additional helpful warnings.
    at lg (https://static.pexels.com/1/_next/static/chunks/framework-36e2f06eecc88665.js:1:53940)
    at i (https://static.pexels.com/1/_next/static/chunks/framework-36e2f06eecc88665.js:1:128615)
    at oD (https://static.pexels.com/1/_next/static/chunks/framework-36e2f06eecc88665.js:1:106599)
    at oO (https://static.pexels.com/1/_next/static/chunks/framework-36e2f06eecc88665.js:1:106469)
    at ox (https://static.pexels.com/1/_next/static/chunks/framework-36e2f06eecc88665.js:1:101542)
    at x (https://static.pexels.com/1/_next/static/chunks/framework-36e2f06eecc88665.js:1:137676)
    at MessagePort.T (https://static.pexels.com/1/_next/static/chunks/framework-36e2f06eecc88665.js:1:138197)
[    1077ms] Error: Minified React error #418; visit https://reactjs.org/docs/error-decoder.html?invariant=418 for the full message or use the non-minified dev environment for full errors and additional helpful warnings.
    at lg (https://static.pexels.com/1/_next/static/chunks/framework-36e2f06eecc88665.js:1:53940)
    at i (https://static.pexels.com/1/_next/static/chunks/framework-36e2f06eecc88665.js:1:128615)
    at oD (https://static.pexels.com/1/_next/static/chunks/framework-36e2f06eecc88665.js:1:106599)
    at oO (https://static.pexels.com/1/_next/static/chunks/framework-36e2f06eecc88665.js:1:106469)
    at ox (https://static.pexels.com/1/_next/static/chunks/framework-36e2f06eecc88665.js:1:101542)
    at x (https://static.pexels.com/1/_next/static/chunks/framework-36e2f06eecc88665.js:1:137676)
    at MessagePort.T (https://static.pexels.com/1/_next/static/chunks/framework-36e2f06eecc88665.js:1:138197)
[    1077ms] Error: Minified React error #418; visit https://reactjs.org/docs/error-decoder.html?invariant=418 for the full message or use the non-minified dev environment for full errors and additional helpful warnings.
    at lg (https://static.pexels.com/1/_next/static/chunks/framework-36e2f06eecc88665.js:1:53940)
    at i (https://static.pexels.com/1/_next/static/chunks/framework-36e2f06eecc88665.js:1:128615)
    at oD (https://static.pexels.com/1/_next/static/chunks/framework-36e2f06eecc88665.js:1:106599)
    at oO (https://static.pexels.com/1/_next/static/chunks/framework-36e2f06eecc88665.js:1:106469)
    at ox (https://static.pexels.com/1/_next/static/chunks/framework-36e2f06eecc88665.js:1:101542)
    at x (https://static.pexels.com/1/_next/static/chunks/framework-36e2f06eecc88665.js:1:137676)
    at MessagePort.T (https://static.pexels.com/1/_next/static/chunks/framework-36e2f06eecc88665.js:1:138197)
[    1077ms] Error: Minified React error #418; visit https://reactjs.org/docs/error-decoder.html?invariant=418 for the full message or use the non-minified dev environment for full errors and additional helpful warnings.
    at lg (https://static.pexels.com/1/_next/static/chunks/framework-36e2f06eecc88665.js:1:53940)
    at i (https://static.pexels.com/1/_next/static/chunks/framework-36e2f06eecc88665.js:1:128615)
    at oD (https://static.pexels.com/1/_next/static/chunks/framework-36e2f06eecc88665.js:1:106599)
    at oO (https://static.pexels.com/1/_next/static/chunks/framework-36e2f06eecc88665.js:1:106469)
    at ox (https://static.pexels.com/1/_next/static/chunks/framework-36e2f06eecc88665.js:1:101542)
    at x (https://static.pexels.com/1/_next/static/chunks/framework-36e2f06eecc88665.js:1:137676)
    at MessagePort.T (https://static.pexels.com/1/_next/static/chunks/framework-36e2f06eecc88665.js:1:138197)
[    1077ms] Error: Minified React error #418; visit https://reactjs.org/docs/error-decoder.html?invariant=418 for the full message or use the non-minified dev environment for full errors and additional helpful warnings.
    at lg (https://static.pexels.com/1/_next/static/chunks/framework-36e2f06eecc88665.js:1:53940)
    at i (https://static.pexels.com/1/_next/static/chunks/framework-36e2f06eecc88665.js:1:128615)
    at oD (https://static.pexels.com/1/_next/static/chunks/framework-36e2f06eecc88665.js:1:106599)
    at oO (https://static.pexels.com/1/_next/static/chunks/framework-36e2f06eecc88665.js:1:106469)
    at ox (https://static.pexels.com/1/_next/static/chunks/framework-36e2f06eecc88665.js:1:101542)
    at x (https://static.pexels.com/1/_next/static/chunks/framework-36e2f06eecc88665.js:1:137676)
    at MessagePort.T (https://static.pexels.com/1/_next/static/chunks/framework-36e2f06eecc88665.js:1:138197)
[    1077ms] Error: Minified React error #418; visit https://reactjs.org/docs/error-decoder.html?invariant=418 for the full message or use the non-minified dev environment for full errors and additional helpful warnings.
    at lg (https://static.pexels.com/1/_next/static/chunks/framework-36e2f06eecc88665.js:1:53940)
    at i (https://static.pexels.com/1/_next/static/chunks/framework-36e2f06eecc88665.js:1:128615)
    at oD (https://static.pexels.com/1/_next/static/chunks/framework-36e2f06eecc88665.js:1:106599)
    at oO (https://static.pexels.com/1/_next/static/chunks/framework-36e2f06eecc88665.js:1:106469)
    at ox (https://static.pexels.com/1/_next/static/chunks/framework-36e2f06eecc88665.js:1:101542)
    at x (https://static.pexels.com/1/_next/static/chunks/framework-36e2f06eecc88665.js:1:137676)
    at MessagePort.T (https://static.pexels.com/1/_next/static/chunks/framework-36e2f06eecc88665.js:1:138197)
[    1077ms] Error: Minified React error #418; visit https://reactjs.org/docs/error-decoder.html?invariant=418 for the full message or use the non-minified dev environment for full errors and additional helpful warnings.
    at lg (https://static.pexels.com/1/_next/static/chunks/framework-36e2f06eecc88665.js:1:53940)
    at i (https://static.pexels.com/1/_next/static/chunks/framework-36e2f06eecc88665.js:1:128615)
    at oD (https://static.pexels.com/1/_next/static/chunks/framework-36e2f06eecc88665.js:1:106599)
    at oO (https://static.pexels.com/1/_next/static/chunks/framework-36e2f06eecc88665.js:1:106469)
    at ox (https://static.pexels.com/1/_next/static/chunks/framework-36e2f06eecc88665.js:1:101542)
    at x (https://static.pexels.com/1/_next/static/chunks/framework-36e2f06eecc88665.js:1:137676)
    at MessagePort.T (https://static.pexels.com/1/_next/static/chunks/framework-36e2f06eecc88665.js:1:138197)
[    1077ms] Error: Minified React error #418; visit https://reactjs.org/docs/error-decoder.html?invariant=418 for the full message or use the non-minified dev environment for full errors and additional helpful warnings.
    at lg (https://static.pexels.com/1/_next/static/chunks/framework-36e2f06eecc88665.js:1:53940)
    at i (https://static.pexels.com/1/_next/static/chunks/framework-36e2f06eecc88665.js:1:128615)
    at oD (https://static.pexels.com/1/_next/static/chunks/framework-36e2f06eecc88665.js:1:106599)
    at oO (https://static.pexels.com/1/_next/static/chunks/framework-36e2f06eecc88665.js:1:106469)
    at ox (https://static.pexels.com/1/_next/static/chunks/framework-36e2f06eecc88665.js:1:101542)
    at x (https://static.pexels.com/1/_next/static/chunks/framework-36e2f06eecc88665.js:1:137676)
    at MessagePort.T (https://static.pexels.com/1/_next/static/chunks/framework-36e2f06eecc88665.js:1:138197)
[    1077ms] Error: Minified React error #418; visit https://reactjs.org/docs/error-decoder.html?invariant=418 for the full message or use the non-minified dev environment for full errors and additional helpful warnings.
    at lg (https://static.pexels.com/1/_next/static/chunks/framework-36e2f06eecc88665.js:1:53940)
    at i (https://static.pexels.com/1/_next/static/chunks/framework-36e2f06eecc88665.js:1:128615)
    at oD (https://static.pexels.com/1/_next/static/chunks/framework-36e2f06eecc88665.js:1:106599)
    at oO (https://static.pexels.com/1/_next/static/chunks/framework-36e2f06eecc88665.js:1:106469)
    at ox (https://static.pexels.com/1/_next/static/chunks/framework-36e2f06eecc88665.js:1:101542)
    at x (https://static.pexels.com/1/_next/static/chunks/framework-36e2f06eecc88665.js:1:137676)
    at MessagePort.T (https://static.pexels.com/1/_next/static/chunks/framework-36e2f06eecc88665.js:1:138197)
[    1077ms] Error: Minified React error #418; visit https://reactjs.org/docs/error-decoder.html?invariant=418 for the full message or use the non-minified dev environment for full errors and additional helpful warnings.
    at lg (https://static.pexels.com/1/_next/static/chunks/framework-36e2f06eecc88665.js:1:53940)
    at i (https://static.pexels.com/1/_next/static/chunks/framework-36e2f06eecc88665.js:1:128615)
    at oD (https://static.pexels.com/1/_next/static/chunks/framework-36e2f06eecc88665.js:1:106599)
    at oO (https://static.pexels.com/1/_next/static/chunks/framework-36e2f06eecc88665.js:1:106469)
    at ox (https://static.pexels.com/1/_next/static/chunks/framework-36e2f06eecc88665.js:1:101542)
    at x (https://static.pexels.com/1/_next/static/chunks/framework-36e2f06eecc88665.js:1:137676)
    at MessagePort.T (https://static.pexels.com/1/_next/static/chunks/framework-36e2f06eecc88665.js:1:138197)
[    1077ms] Error: Minified React error #418; visit https://reactjs.org/docs/error-decoder.html?invariant=418 for the full message or use the non-minified dev environment for full errors and additional helpful warnings.
    at lg (https://static.pexels.com/1/_next/static/chunks/framework-36e2f06eecc88665.js:1:53940)
    at i (https://static.pexels.com/1/_next/static/chunks/framework-36e2f06eecc88665.js:1:128615)
    at oD (https://static.pexels.com/1/_next/static/chunks/framework-36e2f06eecc88665.js:1:106599)
    at oO (https://static.pexels.com/1/_next/static/chunks/framework-36e2f06eecc88665.js:1:106469)
    at ox (https://static.pexels.com/1/_next/static/chunks/framework-36e2f06eecc88665.js:1:101542)
    at x (https://static.pexels.com/1/_next/static/chunks/framework-36e2f06eecc88665.js:1:137676)
    at MessagePort.T (https://static.pexels.com/1/_next/static/chunks/framework-36e2f06eecc88665.js:1:138197)
[    1077ms] Error: Minified React error #418; visit https://reactjs.org/docs/error-decoder.html?invariant=418 for the full message or use the non-minified dev environment for full errors and additional helpful warnings.
    at lg (https://static.pexels.com/1/_next/static/chunks/framework-36e2f06eecc88665.js:1:53940)
    at i (https://static.pexels.com/1/_next/static/chunks/framework-36e2f06eecc88665.js:1:128615)
    at oD (https://static.pexels.com/1/_next/static/chunks/framework-36e2f06eecc88665.js:1:106599)
    at oO (https://static.pexels.com/1/_next/static/chunks/framework-36e2f06eecc88665.js:1:106469)
    at ox (https://static.pexels.com/1/_next/static/chunks/framework-36e2f06eecc88665.js:1:101542)
    at x (https://static.pexels.com/1/_next/static/chunks/framework-36e2f06eecc88665.js:1:137676)
    at MessagePort.T (https://static.pexels.com/1/_next/static/chunks/framework-36e2f06eecc88665.js:1:138197)
[    1077ms] Error: Minified React error #418; visit https://reactjs.org/docs/error-decoder.html?invariant=418 for the full message or use the non-minified dev environment for full errors and additional helpful warnings.
    at lg (https://static.pexels.com/1/_next/static/chunks/framework-36e2f06eecc88665.js:1:53940)
    at i (https://static.pexels.com/1/_next/static/chunks/framework-36e2f06eecc88665.js:1:128615)
    at oD (https://static.pexels.com/1/_next/static/chunks/framework-36e2f06eecc88665.js:1:106599)
    at oO (https://static.pexels.com/1/_next/static/chunks/framework-36e2f06eecc88665.js:1:106469)
    at ox (https://static.pexels.com/1/_next/static/chunks/framework-36e2f06eecc88665.js:1:101542)
    at x (https://static.pexels.com/1/_next/static/chunks/framework-36e2f06eecc88665.js:1:137676)
    at MessagePort.T (https://static.pexels.com/1/_next/static/chunks/framework-36e2f06eecc88665.js:1:138197)
[    1077ms] Error: Minified React error #418; visit https://reactjs.org/docs/error-decoder.html?invariant=418 for the full message or use the non-minified dev environment for full errors and additional helpful warnings.
    at lg (https://static.pexels.com/1/_next/static/chunks/framework-36e2f06eecc88665.js:1:53940)
    at i (https://static.pexels.com/1/_next/static/chunks/framework-36e2f06eecc88665.js:1:128615)
    at oD (https://static.pexels.com/1/_next/static/chunks/framework-36e2f06eecc88665.js:1:106599)
    at oO (https://static.pexels.com/1/_next/static/chunks/framework-36e2f06eecc88665.js:1:106469)
    at ox (https://static.pexels.com/1/_next/static/chunks/framework-36e2f06eecc88665.js:1:101542)
    at x (https://static.pexels.com/1/_next/static/chunks/framework-36e2f06eecc88665.js:1:137676)
    at MessagePort.T (https://static.pexels.com/1/_next/static/chunks/framework-36e2f06eecc88665.js:1:138197)
[    1077ms] Error: Minified React error #418; visit https://reactjs.org/docs/error-decoder.html?invariant=418 for the full message or use the non-minified dev environment for full errors and additional helpful warnings.
    at lg (https://static.pexels.com/1/_next/static/chunks/framework-36e2f06eecc88665.js:1:53940)
    at i (https://static.pexels.com/1/_next/static/chunks/framework-36e2f06eecc88665.js:1:128615)
    at oD (https://static.pexels.com/1/_next/static/chunks/framework-36e2f06eecc88665.js:1:106599)
    at oO (https://static.pexels.com/1/_next/static/chunks/framework-36e2f06eecc88665.js:1:106469)
    at ox (https://static.pexels.com/1/_next/static/chunks/framework-36e2f06eecc88665.js:1:101542)
    at x (https://static.pexels.com/1/_next/static/chunks/framework-36e2f06eecc88665.js:1:137676)
    at MessagePort.T (https://static.pexels.com/1/_next/static/chunks/framework-36e2f06eecc88665.js:1:138197)
[    1077ms] Error: Minified React error #418; visit https://reactjs.org/docs/error-decoder.html?invariant=418 for the full message or use the non-minified dev environment for full errors and additional helpful warnings.
    at lg (https://static.pexels.com/1/_next/static/chunks/framework-36e2f06eecc88665.js:1:53940)
    at i (https://static.pexels.com/1/_next/static/chunks/framework-36e2f06eecc88665.js:1:128615)
    at oD (https://static.pexels.com/1/_next/static/chunks/framework-36e2f06eecc88665.js:1:106599)
    at oO (https://static.pexels.com/1/_next/static/chunks/framework-36e2f06eecc88665.js:1:106469)
    at ox (https://static.pexels.com/1/_next/static/chunks/framework-36e2f06eecc88665.js:1:101542)
    at x (https://static.pexels.com/1/_next/static/chunks/framework-36e2f06eecc88665.js:1:137676)
    at MessagePort.T (https://static.pexels.com/1/_next/static/chunks/framework-36e2f06eecc88665.js:1:138197)
[    1077ms] Error: Minified React error #418; visit https://reactjs.org/docs/error-decoder.html?invariant=418 for the full message or use the non-minified dev environment for full errors and additional helpful warnings.
    at lg (https://static.pexels.com/1/_next/static/chunks/framework-36e2f06eecc88665.js:1:53940)
    at i (https://static.pexels.com/1/_next/static/chunks/framework-36e2f06eecc88665.js:1:128615)
    at oD (https://static.pexels.com/1/_next/static/chunks/framework-36e2f06eecc88665.js:1:106599)
    at oO (https://static.pexels.com/1/_next/static/chunks/framework-36e2f06eecc88665.js:1:106469)
    at ox (https://static.pexels.com/1/_next/static/chunks/framework-36e2f06eecc88665.js:1:101542)
    at x (https://static.pexels.com/1/_next/static/chunks/framework-36e2f06eecc88665.js:1:137676)
    at MessagePort.T (https://static.pexels.com/1/_next/static/chunks/framework-36e2f06eecc88665.js:1:138197)
[    1077ms] Error: Minified React error #418; visit https://reactjs.org/docs/error-decoder.html?invariant=418 for the full message or use the non-minified dev environment for full errors and additional helpful warnings.
    at lg (https://static.pexels.com/1/_next/static/chunks/framework-36e2f06eecc88665.js:1:53940)
    at i (https://static.pexels.com/1/_next/static/chunks/framework-36e2f06eecc88665.js:1:128615)
    at oD (https://static.pexels.com/1/_next/static/chunks/framework-36e2f06eecc88665.js:1:106599)
    at oO (https://static.pexels.com/1/_next/static/chunks/framework-36e2f06eecc88665.js:1:106469)
    at ox (https://static.pexels.com/1/_next/static/chunks/framework-36e2f06eecc88665.js:1:101542)
    at x (https://static.pexels.com/1/_next/static/chunks/framework-36e2f06eecc88665.js:1:137676)
    at MessagePort.T (https://static.pexels.com/1/_next/static/chunks/framework-36e2f06eecc88665.js:1:138197)
[    1077ms] Error: Minified React error #418; visit https://reactjs.org/docs/error-decoder.html?invariant=418 for the full message or use the non-minified dev environment for full errors and additional helpful warnings.
    at lg (https://static.pexels.com/1/_next/static/chunks/framework-36e2f06eecc88665.js:1:53940)
    at i (https://static.pexels.com/1/_next/static/chunks/framework-36e2f06eecc88665.js:1:128615)
    at oD (https://static.pexels.com/1/_next/static/chunks/framework-36e2f06eecc88665.js:1:106599)
    at oO (https://static.pexels.com/1/_next/static/chunks/framework-36e2f06eecc88665.js:1:106469)
    at ox (https://static.pexels.com/1/_next/static/chunks/framework-36e2f06eecc88665.js:1:101542)
    at x (https://static.pexels.com/1/_next/static/chunks/framework-36e2f06eecc88665.js:1:137676)
    at MessagePort.T (https://static.pexels.com/1/_next/static/chunks/framework-36e2f06eecc88665.js:1:138197)
[    1077ms] Error: Minified React error #418; visit https://reactjs.org/docs/error-decoder.html?invariant=418 for the full message or use the non-minified dev environment for full errors and additional helpful warnings.
    at lg (https://static.pexels.com/1/_next/static/chunks/framework-36e2f06eecc88665.js:1:53940)
    at i (https://static.pexels.com/1/_next/static/chunks/framework-36e2f06eecc88665.js:1:128615)
    at oD (https://static.pexels.com/1/_next/static/chunks/framework-36e2f06eecc88665.js:1:106599)
    at oO (https://static.pexels.com/1/_next/static/chunks/framework-36e2f06eecc88665.js:1:106469)
    at ox (https://static.pexels.com/1/_next/static/chunks/framework-36e2f06eecc88665.js:1:101542)
    at x (https://static.pexels.com/1/_next/static/chunks/framework-36e2f06eecc88665.js:1:137676)
    at MessagePort.T (https://static.pexels.com/1/_next/static/chunks/framework-36e2f06eecc88665.js:1:138197)
[    1077ms] Error: Minified React error #418; visit https://reactjs.org/docs/error-decoder.html?invariant=418 for the full message or use the non-minified dev environment for full errors and additional helpful warnings.
    at lg (https://static.pexels.com/1/_next/static/chunks/framework-36e2f06eecc88665.js:1:53940)
    at i (https://static.pexels.com/1/_next/static/chunks/framework-36e2f06eecc88665.js:1:128615)
    at oD (https://static.pexels.com/1/_next/static/chunks/framework-36e2f06eecc88665.js:1:106599)
    at oO (https://static.pexels.com/1/_next/static/chunks/framework-36e2f06eecc88665.js:1:106469)
    at ox (https://static.pexels.com/1/_next/static/chunks/framework-36e2f06eecc88665.js:1:101542)
    at x (https://static.pexels.com/1/_next/static/chunks/framework-36e2f06eecc88665.js:1:137676)
    at MessagePort.T (https://static.pexels.com/1/_next/static/chunks/framework-36e2f06eecc88665.js:1:138197)
[    1077ms] Error: Minified React error #423; visit https://reactjs.org/docs/error-decoder.html?invariant=423 for the full message or use the non-minified dev environment for full errors and additional helpful warnings.
    at i (https://static.pexels.com/1/_next/static/chunks/framework-36e2f06eecc88665.js:1:128274)
    at oD (https://static.pexels.com/1/_next/static/chunks/framework-36e2f06eecc88665.js:1:106599)
    at oO (https://static.pexels.com/1/_next/static/chunks/framework-36e2f06eecc88665.js:1:106469)
    at oE (https://static.pexels.com/1/_next/static/chunks/framework-36e2f06eecc88665.js:1:103240)
    at ox (https://static.pexels.com/1/_next/static/chunks/framework-36e2f06eecc88665.js:1:101795)
    at x (https://static.pexels.com/1/_next/static/chunks/framework-36e2f06eecc88665.js:1:137676)
    at MessagePort.T (https://static.pexels.com/1/_next/static/chunks/framework-36e2f06eecc88665.js:1:138197)
[    1172ms] [WARNING] Translation key "meta.credit_text.video" is missing in namespace "medium" @ https://static.pexels.com/1/_next/static/chunks/pages/_app-bc4f4a0c740ef640.js:0
[    1214ms] [WARNING] Translation key "meta.credit_text.video" is missing in namespace "medium" @ https://static.pexels.com/1/_next/static/chunks/pages/_app-bc4f4a0c740ef640.js:0
[    1224ms] [ERROR] Failed to load resource: the server responded with a status of 401 () @ https://www.pexels.com/en-us/api/v2/me:0
[    1444ms] [WARNING] Translation key "meta.credit_text.video" is missing in namespace "medium" @ https://static.pexels.com/1/vendor/sentry-8.34.0/bundle.tracing.min.js:1
[    1456ms] [WARNING] Translation key "meta.credit_text.video" is missing in namespace "medium" @ https://static.pexels.com/1/vendor/sentry-8.34.0/bundle.tracing.min.js:1
[    2048ms] [WARNING] Media Chrome: No style sheet found on style tag of JSHandle@node @ https://static.pexels.com/1/vendor/sentry-8.34.0/bundle.tracing.min.js:1
[    2144ms] [WARNING] [GSI_LOGGER]: Your client application uses one of the Google One Tap prompt UI status methods that may stop functioning when FedCM becomes mandatory. Refer to the migration guide to update your code accordingly and opt-in to FedCM to test your changes. Learn more: https://developers.google.com/identity/gsi/web/guides/fedcm-migration?s=dc#display_moment and https://developers.google.com/identity/gsi/web/guides/fedcm-migration?s=dc#skipped_moment @ https://static.pexels.com/1/vendor/sentry-8.34.0/bundle.tracing.min.js:1
[    2573ms] [ERROR] Provider's accounts list is empty. @ https://www.pexels.com/video/colorful-abstract-faces-loop-animation-34857280/:0
[    6805ms] [WARNING] [Meta Pixel] - Invalid parameter format for currency. Please refer https://developers.facebook.com/docs/meta-pixel/reference/ for valid parameter specifications. @ https://static.pexels.com/1/vendor/sentry-8.34.0/bundle.tracing.min.js:1
